

FINAL ERROR AFTER 2 RETRIES:
(psycopg2.errors.SyntaxError) syntax error at or near "("
LINE 1: ...aya' as state_name, SUM(SUM(total_schools)) as SUM(total_sch...
                                                             ^

[SQL: SELECT 'Meghalaya' as state_name, SUM(SUM(total_schools)) as SUM(total_schools), ST_Union(geometry) as geometry FROM meghalaya_block_intelligence_final GROUP BY district_name;]
(Background on this error at: https://sqlalche.me/e/20/f405)

TRACE:
NoneType: None

SQL: SELECT 'Meghalaya' as state_name, SUM(total_schools) as total_schools, ST_Union(geometry) as geometry FROM meghalaya_district_intelligence_final;


FINAL ERROR AFTER 2 RETRIES:
(psycopg2.errors.SyntaxError) syntax error at or near "("
LINE 1: ...aya' as state_name, SUM(SUM(total_schools)) as SUM(total_sch...
                                                             ^

[SQL: SELECT 'Meghalaya' as state_name, SUM(SUM(total_schools)) as SUM(total_schools), ST_Union(geometry) as geometry FROM meghalaya_block_intelligence_final GROUP BY district_name;]
(Background on this error at: https://sqlalche.me/e/20/f405)

TRACE:
NoneType: None

SQL: SELECT 'Meghalaya' as state_name, SUM(total_schools) as total_schools, ST_Union(geometry) as geometry FROM meghalaya_district_intelligence_final;


FINAL ERROR AFTER 2 RETRIES:
(psycopg2.errors.SyntaxError) syntax error at or near "("
LINE 1: ...aya' as state_name, SUM(SUM(total_schools)) as SUM(total_sch...
                                                             ^

[SQL: SELECT 'Meghalaya' as state_name, SUM(SUM(total_schools)) as SUM(total_schools), ST_Union(geometry) as geometry FROM meghalaya_block_intelligence_final GROUP BY district_name;]
(Background on this error at: https://sqlalche.me/e/20/f405)

TRACE:
NoneType: None

SQL: SELECT 'Meghalaya' as state_name, SUM(total_schools) as total_schools, ST_Union(geometry) as geometry FROM meghalaya_district_intelligence_final;


FINAL ERROR AFTER 2 RETRIES:
(psycopg2.errors.SyntaxError) syntax error at or near "("
LINE 1: ...aya' as state_name, SUM(SUM(total_schools)) as SUM(total_sch...
                                                             ^

[SQL: SELECT 'Meghalaya' as state_name, SUM(SUM(total_schools)) as SUM(total_schools), ST_Union(geometry) as geometry FROM meghalaya_block_intelligence_final GROUP BY district_name;]
(Background on this error at: https://sqlalche.me/e/20/f405)

TRACE:
NoneType: None

SQL: SELECT 'Meghalaya' as state_name, SUM(total_schools) as total_schools, ST_Union(geometry) as geometry FROM meghalaya_district_intelligence_final;


FINAL ERROR AFTER 2 RETRIES:
(psycopg2.errors.SyntaxError) syntax error at or near "("
LINE 1: ...aya' as state_name, SUM(SUM(total_schools)) as SUM(total_sch...
                                                             ^

[SQL: SELECT 'Meghalaya' as state_name, SUM(SUM(total_schools)) as SUM(total_schools), ST_Union(geometry) as geometry FROM meghalaya_block_intelligence_final GROUP BY district_name;]
(Background on this error at: https://sqlalche.me/e/20/f405)

TRACE:
NoneType: None

SQL: SELECT 'Meghalaya' as state_name, SUM(total_schools) as total_schools, ST_Union(geometry) as geometry FROM meghalaya_district_intelligence_final;


FINAL ERROR AFTER 2 RETRIES:
(psycopg2.errors.SyntaxError) syntax error at or near "("
LINE 1: ...aya' as state_name, SUM(SUM(total_schools)) as SUM(total_sch...
                                                             ^

[SQL: SELECT 'Meghalaya' as state_name, SUM(SUM(total_schools)) as SUM(total_schools), ST_Union(geometry) as geometry FROM meghalaya_block_intelligence_final GROUP BY district_name;]
(Background on this error at: https://sqlalche.me/e/20/f405)

TRACE:
NoneType: None

SQL: SELECT 'Meghalaya' as state_name, SUM(total_schools) as total_schools, ST_Union(geometry) as geometry FROM meghalaya_district_intelligence_final;


FINAL ERROR AFTER 2 RETRIES:
(psycopg2.errors.SyntaxError) syntax error at or near "("
LINE 1: ...aya' as state_name, SUM(SUM(total_schools)) as SUM(total_sch...
                                                             ^

[SQL: SELECT 'Meghalaya' as state_name, SUM(SUM(total_schools)) as SUM(total_schools), ST_Union(geometry) as geometry FROM meghalaya_block_intelligence_final GROUP BY district_name;]
(Background on this error at: https://sqlalche.me/e/20/f405)

TRACE:
NoneType: None

SQL: SELECT 'Meghalaya' as state_name, SUM(total_schools) as total_schools, ST_Union(geometry) as geometry FROM meghalaya_district_intelligence_final;


FINAL ERROR AFTER 2 RETRIES:
(psycopg2.errors.SyntaxError) syntax error at or near "("
LINE 1: ...aya' as state_name, SUM(SUM(total_schools)) as SUM(total_sch...
                                                             ^

[SQL: SELECT 'Meghalaya' as state_name, SUM(SUM(total_schools)) as SUM(total_schools), ST_Union(geometry) as geometry FROM meghalaya_block_intelligence_final GROUP BY district_name;]
(Background on this error at: https://sqlalche.me/e/20/f405)

TRACE:
NoneType: None

SQL: SELECT 'Meghalaya' as state_name, SUM(total_schools) as total_schools, ST_Union(geometry) as geometry FROM meghalaya_district_intelligence_final;


FINAL ERROR AFTER 2 RETRIES:
(psycopg2.errors.SyntaxError) syntax error at or near "("
LINE 1: ...eghalaya' as state_name, SUM(total_schools) as SUM(total_sch...
                                                             ^

[SQL: SELECT 'Meghalaya' as state_name, SUM(total_schools) as SUM(total_schools), ST_Union(geometry) as geometry FROM meghalaya_block_intelligence_final GROUP BY district_name;]
(Background on this error at: https://sqlalche.me/e/20/f405)

TRACE:
NoneType: None

SQL: SELECT 'Meghalaya' as state_name, SUM(total_schools) as total_schools, ST_Union(geometry) as geometry FROM meghalaya_district_intelligence_final;


FINAL ERROR AFTER 2 RETRIES:
(psycopg2.errors.GroupingError) column "meghalaya_block_intelligence_final.geometry" must appear in the GROUP BY clause or be used in an aggregate function
LINE 1: ... state_name, SUM(total_schools) as total_schools, geometry  ...
                                                             ^

[SQL: SELECT 'Meghalaya' as state_name, SUM(total_schools) as total_schools, geometry  FROM meghalaya_block_intelligence_final;]
(Background on this error at: https://sqlalche.me/e/20/f405)

TRACE:
NoneType: None

SQL: SELECT 'Meghalaya' as state_name, SUM(total_schools) as total_schools FROM meghalaya_block_intelligence_final;


FINAL ERROR AFTER 2 RETRIES:
(psycopg2.errors.GroupingError) column "meghalaya_schools.geometry" must appear in the GROUP BY clause or be used in an aggregate function
LINE 1: ...halaya' as state_name, COUNT(*) as total_schools, geometry  ...
                                                             ^

[SQL: SELECT 'Meghalaya' as state_name, COUNT(*) as total_schools, geometry  FROM meghalaya_schools;]
(Background on this error at: https://sqlalche.me/e/20/f405)

TRACE:
NoneType: None

SQL: SELECT 'Meghalaya' as state_name, COUNT(*) as total_schools FROM meghalaya_schools;


FINAL ERROR AFTER 2 RETRIES:
(psycopg2.errors.GroupingError) column "meghalaya_schools.geometry" must appear in the GROUP BY clause or be used in an aggregate function
LINE 1: ...halaya' as state_name, COUNT(*) as total_schools, geometry  ...
                                                             ^

[SQL: SELECT 'Meghalaya' as state_name, COUNT(*) as total_schools, geometry  FROM meghalaya_schools;]
(Background on this error at: https://sqlalche.me/e/20/f405)

TRACE:
NoneType: None

SQL: SELECT 'Meghalaya' as state_name, COUNT(*) as total_schools FROM meghalaya_schools;


FINAL ERROR AFTER 2 RETRIES:
(psycopg2.errors.GroupingError) column "meghalaya_schools.district_name" must appear in the GROUP BY clause or be used in an aggregate function
LINE 1: SELECT district_name, COUNT(*) as total_schools, geometry  F...
               ^

[SQL: SELECT district_name, COUNT(*) as total_schools, geometry  FROM meghalaya_schools;]
(Background on this error at: https://sqlalche.me/e/20/f405)

TRACE:
NoneType: None

SQL: SELECT district_name, COUNT(*) as total_schools FROM meghalaya_schools GROUP BY district_name ORDER BY total_schools DESC;


FINAL ERROR AFTER 2 RETRIES:
(psycopg2.errors.GroupingError) column "meghalaya_schools.district_name" must appear in the GROUP BY clause or be used in an aggregate function
LINE 1: SELECT district_name, COUNT(*) as total_schools, geometry  F...
               ^

[SQL: SELECT district_name, COUNT(*) as total_schools, geometry  FROM meghalaya_schools WHERE district_name = 'EAST KHASI HILLS';]
(Background on this error at: https://sqlalche.me/e/20/f405)

TRACE:
NoneType: None

SQL: SELECT district_name, COUNT(*) as total_schools FROM meghalaya_schools WHERE district_name = 'EAST KHASI HILLS' GROUP BY district_name;


FINAL ERROR AFTER 2 RETRIES:
(psycopg2.errors.GroupingError) column "meghalaya_schools.district_name" must appear in the GROUP BY clause or be used in an aggregate function
LINE 1: SELECT district_name, COUNT(*) as total_schools, geometry  F...
               ^

[SQL: SELECT district_name, COUNT(*) as total_schools, geometry  FROM meghalaya_schools WHERE district_name = 'WEST GARO HILLS';]
(Background on this error at: https://sqlalche.me/e/20/f405)

TRACE:
NoneType: None

SQL: SELECT district_name, COUNT(*) as total_schools FROM meghalaya_schools WHERE district_name = 'WEST GARO HILLS' GROUP BY district_name;


FINAL ERROR AFTER 2 RETRIES:
(psycopg2.errors.GroupingError) column "meghalaya_schools.district_name" must appear in the GROUP BY clause or be used in an aggregate function
LINE 1: SELECT district_name, COUNT(*) as total_schools, geometry  F...
               ^

[SQL: SELECT district_name, COUNT(*) as total_schools, geometry  FROM meghalaya_schools;]
(Background on this error at: https://sqlalche.me/e/20/f405)

TRACE:
NoneType: None

SQL: SELECT district_name, COUNT(*) as total_schools FROM meghalaya_schools GROUP BY district_name ORDER BY total_schools DESC;


FINAL ERROR AFTER 2 RETRIES:
(psycopg2.errors.GroupingError) column "meghalaya_schools.district_name" must appear in the GROUP BY clause or be used in an aggregate function
LINE 1: SELECT district_name, COUNT(*) as total_schools, geometry  F...
               ^

[SQL: SELECT district_name, COUNT(*) as total_schools, geometry  FROM meghalaya_schools WHERE district_name = 'EAST KHASI HILLS';]
(Background on this error at: https://sqlalche.me/e/20/f405)

TRACE:
NoneType: None

SQL: SELECT district_name, COUNT(*) as total_schools FROM meghalaya_schools WHERE district_name = 'EAST KHASI HILLS' GROUP BY district_name;


FINAL ERROR AFTER 2 RETRIES:
(psycopg2.errors.GroupingError) column "meghalaya_schools.district_name" must appear in the GROUP BY clause or be used in an aggregate function
LINE 1: SELECT district_name, COUNT(*) as total_schools, geometry  F...
               ^

[SQL: SELECT district_name, COUNT(*) as total_schools, geometry  FROM meghalaya_schools WHERE district_name = 'WEST GARO HILLS';]
(Background on this error at: https://sqlalche.me/e/20/f405)

TRACE:
NoneType: None

SQL: SELECT district_name, COUNT(*) as total_schools FROM meghalaya_schools WHERE district_name = 'WEST GARO HILLS' GROUP BY district_name;


FINAL ERROR AFTER 2 RETRIES:
(psycopg2.errors.GroupingError) column "meghalaya_schools.district_name" must appear in the GROUP BY clause or be used in an aggregate function
LINE 1: SELECT district_name, COUNT(*) as total_schools FROM meghala...
               ^

[SQL: SELECT district_name, COUNT(*) as total_schools FROM meghalaya_schools;]
(Background on this error at: https://sqlalche.me/e/20/f405)

TRACE:
NoneType: None

SQL: SELECT district_name, COUNT(*) as total_schools FROM meghalaya_schools GROUP BY district_name ORDER BY total_schools DESC;


FINAL ERROR AFTER 2 RETRIES:
(psycopg2.errors.GroupingError) column "meghalaya_schools.district_name" must appear in the GROUP BY clause or be used in an aggregate function
LINE 1: SELECT district_name, COUNT(*) as total_schools FROM meghala...
               ^

[SQL: SELECT district_name, COUNT(*) as total_schools FROM meghalaya_schools WHERE district_name = 'EAST KHASI HILLS';]
(Background on this error at: https://sqlalche.me/e/20/f405)

TRACE:
NoneType: None

SQL: SELECT district_name, COUNT(*) as total_schools FROM meghalaya_schools WHERE district_name = 'EAST KHASI HILLS' GROUP BY district_name;


FINAL ERROR AFTER 2 RETRIES:
(psycopg2.errors.GroupingError) column "meghalaya_schools.district_name" must appear in the GROUP BY clause or be used in an aggregate function
LINE 1: SELECT district_name, COUNT(*) as total_schools FROM meghala...
               ^

[SQL: SELECT district_name, COUNT(*) as total_schools FROM meghalaya_schools WHERE district_name = 'WEST GARO HILLS';]
(Background on this error at: https://sqlalche.me/e/20/f405)

TRACE:
NoneType: None

SQL: SELECT district_name, COUNT(*) as total_schools FROM meghalaya_schools WHERE district_name = 'WEST GARO HILLS' GROUP BY district_name;


FINAL ERROR AFTER 2 RETRIES:
(psycopg2.errors.UndefinedColumn) column s.schlocation does not exist
LINE 4: WHERE s.schlocation = 'Rural';
              ^
HINT:  Perhaps you meant to reference the column "i.schlocation".

[SQL: SELECT s."schoolName", s.district_name, s.block_name, i.schlocation, s.geometry
FROM meghalaya_schools s
JOIN meghalaya_infrastructure i ON i.udise_code::text = s.udise_num::text
WHERE s.schlocation = 'Rural';]
(Background on this error at: https://sqlalche.me/e/20/f405)

TRACE:
NoneType: None

SQL: SELECT s."schoolName", s.district_name, s.block_name, i.schlocation, s.geometry
FROM meghalaya_schools s
JOIN meghalaya_infrastructure i ON i.udise_code::text = s.udise_num::text
WHERE s.schlocation = 'Rural';
